anatoly@work:~/Private/GitHub/python_9_1 (AnatolyKiev)$ git remote show origin 
* remote origin
  Fetch URL: git@github.com:mcoutt/python_9_1.git
  Push  URL: git@github.com:mcoutt/python_9_1.git
  HEAD branch: master
  Remote branches:
    AnatolyKiev             tracked
    BlagodarHW              tracked
    Bogdan_s                tracked
    Bondarenko_Vladislav    tracked
    ElenaKorenieva-04-06-19 tracked
    ElenaKorenieva040619    tracked
    HW                      tracked
    HomeWork                tracked
    Roman#1                 tracked
    TpaxTu6ugox             tracked
    dev                     tracked
    for_common_data         tracked
    home_tasks              tracked
    master                  tracked
    vasichkin               tracked
  Local branches configured for 'git pull':
    AnatolyKiev merges with remote AnatolyKiev
    dev         merges with remote dev
    master      merges with remote master
  Local refs configured for 'git push':
    AnatolyKiev pushes to AnatolyKiev (up to date)
    dev         pushes to dev         (up to date)
    master      pushes to master      (up to date)


anatoly@work:~/Private/GitHub/python_9_1 (AnatolyKiev)$ git branch -a
* AnatolyKiev
  dev
  master
  remotes/origin/AnatolyKiev
  remotes/origin/BlagodarHW
  remotes/origin/Bogdan_s
  remotes/origin/Bondarenko_Vladislav
  remotes/origin/ElenaKorenieva-04-06-19
  remotes/origin/ElenaKorenieva040619
  remotes/origin/HEAD -> origin/master
  remotes/origin/HW
  remotes/origin/HomeWork
  remotes/origin/Roman#1
  remotes/origin/TpaxTu6ugox
  remotes/origin/dev
  remotes/origin/for_common_data
  remotes/origin/home_tasks
  remotes/origin/master
  remotes/origin/vasichkin


anatoly@work:~/Private/GitHub/python_9_1 (AnatolyKiev)$ git push origin AnatolyKiev 
Counting objects: 13, done.
Delta compression using up to 2 threads.
Compressing objects: 100% (4/4), done.
Writing objects: 100% (4/4), 516 bytes | 0 bytes/s, done.
Total 4 (delta 0), reused 0 (delta 0)
To git@github.com:mcoutt/python_9_1.git
   1e40d7f..cba3883  AnatolyKiev -> AnatolyKiev


anatoly@work:~/Private/GitHub/python_9_1 (AnatolyKiev)$ git checkout master 
Switched to branch 'master'
Your branch is behind 'origin/master' by 6 commits, and can be fast-forwarded.
  (use "git pull" to update your local branch)


anatoly@work:~/Private/GitHub/python_9_1 (master)$ git status 
On branch master
Your branch is behind 'origin/master' by 6 commits, and can be fast-forwarded.
  (use "git pull" to update your local branch)

Changes not staged for commit:
  (use "git add/rm <file>..." to update what will be committed)
  (use "git checkout -- <file>..." to discard changes in working directory)

	deleted:    AnatolyKiev/game_noliki.py
	deleted:    AnatolyKiev/show_about_environ.py
	deleted:    AnatolyKiev/show_about_pip.py
	deleted:    AnatolyKiev/task_stroka_popolam.py

no changes added to commit (use "git add" and/or "git commit -a")


anatoly@work:~/Private/GitHub/python_9_1 (AnatolyKiev)$ git branch -vv
* AnatolyKiev cba3883 [origin/AnatolyKiev] Clear my branch. Dell folder and move file
  dev         b98b257 [origin/dev] smile change
  master      ba97256 [origin/master] Merge branch 'master' of github.com:mcoutt/python_9_1


anatoly@work:~/Private/GitHub/python_9_1 (AnatolyKiev)$ git fetch origin 
remote: Enumerating objects: 26, done.
remote: Counting objects: 100% (26/26), done.
remote: Compressing objects: 100% (20/20), done.
remote: Total 26 (delta 9), reused 9 (delta 2), pack-reused 0
Unpacking objects: 100% (26/26), done.
From github.com:mcoutt/python_9_1
   1c7b574..b2426d3  AnatolyKiev -> origin/AnatolyKiev
 * [new branch]      Roman_001  -> origin/Roman_001

anatoly@work:~/Private/GitHub/python_9_1 (AnatolyKiev)$ git status 
On branch AnatolyKiev
Your branch is behind 'origin/AnatolyKiev' by 1 commit, and can be fast-forwarded.
  (use "git pull" to update your local branch)

nothing to commit, working directory clean


anatoly@work:~/Private/GitHub/python_9_1 (AnatolyKiev)$ git pull
Updating 1c7b574..b2426d3
Fast-forward
 README.md | 2 +-
 1 file changed, 1 insertion(+), 1 deletion(-)


anatoly@work:~/Private/GitHub/python_9_1 (AnatolyKiev)$ git show 1c7b574
commit 1c7b574fffb966f2a93bea7843e4f4733ceca8af
Merge: 61fb6a9 592bd46
Author: AnatolyKiev <anatoly.067392@gmail.com>
Date:   Wed Jun 5 14:01:59 2019 +0300

    Merge branch 'AnatolyKiev' of github.com:mcoutt/python_9_1 into AnatolyKiev
    
    Ok

anatoly@work:~/Private/GitHub/python_9_1 (AnatolyKiev)$ git show b2426d3
commit b2426d32f21d7af2fe025cd9951a71d6c4414d7b
Author: Anatoly <51201729+AnatolyKiev@users.noreply.github.com>
Date:   Wed Jun 5 14:16:56 2019 +0300

    Update README.md

diff --git a/README.md b/README.md
index 4d1d1ec..ec86ec4 100644
--- a/README.md
+++ b/README.md
@@ -2,7 +2,7 @@
 
 **Важно!** Коллеги, просьба по возможности ничего сюда не пушить, это моя песочница.
 
-Список того что есть:
+Список того, что есть:
 + my_home_tasks - папка для домашек, тут я буду их хранить
 + docs - для всяких док, туториалов (по командам)
 + utils - папка для всяких утилит

